// Jest Snapshot v1, https://goo.gl/fbAQLP

exports[`TodoList snapshot test 1`] = `
<body>
  <div>
    <div
      class="todo-list-container"
    >
      <ul>
        <li>
          <label>
            <input
              type="checkbox"
            />
            item 1
          </label>
        </li>
        <li>
          <label
            class="complete"
          >
            <input
              checked=""
              type="checkbox"
            />
            item 2
          </label>
        </li>
      </ul>
    </div>
  </div>
</body>
`;
